#-----------------------------------------------------------
# Vivado v2023.1 (64-bit)
# SW Build 3865809 on Sun May  7 15:05:29 MDT 2023
# IP Build 3864474 on Sun May  7 20:36:21 MDT 2023
# SharedData Build 3865790 on Sun May 07 13:33:03 MDT 2023
# Start of session at: Sat Apr 27 12:07:34 2024
# Process ID: 4124
# Current directory: X:/project_1
# Command line: vivado.exe -gui_launcher_event rodinguilauncherevent12076 X:\project_1\project_1.xpr
# Log file: X:/project_1/vivado.log
# Journal file: X:/project_1\vivado.jou
# Running On: VLS000057515L, OS: Windows, CPU Frequency: 3592 MHz, CPU Physical cores: 4, Host memory: 16963 MB
#-----------------------------------------------------------
start_gui
open_project X:/project_1/project_1.xpr
update_compile_order -fileset sources_1
launch_runs synth_1 -jobs 8
wait_on_run synth_1
launch_runs impl_1 -jobs 8
wait_on_run impl_1
open_run synth_1 -name synth_1
close_design
open_run impl_1
open_run synth_1 -name synth_1
launch_simulation
source archer_rv321_single_cycle_tb.tcl
write_schematic -format pdf -orientation portrait X:/project_1/project_1.xpr/schematic.pdf
reset_run synth_1
close_sim
launch_simulation
source archer_rv321_single_cycle_tb.tcl
close_sim
launch_simulation
source archer_rv321_single_cycle_tb.tcl
write_schematic -format pdf -orientation portrait C:/Users/jja70/Downloads/schematic.pdf
close_sim
launch_simulation
source archer_rv321_single_cycle_tb.tcl
current_design impl_1
close_sim
launch_simulation
source archer_rv321_single_cycle_tb.tcl
close_sim
launch_simulation
source archer_rv321_single_cycle_tb.tcl
close_sim
launch_simulation
source archer_rv321_single_cycle_tb.tcl
close_sim
launch_simulation
source archer_rv321_single_cycle_tb.tcl
close_sim
launch_simulation
source archer_rv321_single_cycle_tb.tcl
set_property is_global_include true [get_files  X:/project_1/project_1.srcs/sources_1/new/mul_div.v]
close_sim
launch_simulation
source archer_rv321_single_cycle_tb.tcl
close_sim
launch_simulation
source archer_rv321_single_cycle_tb.tcl
close_sim
launch_simulation
source archer_rv321_single_cycle_tb.tcl
close_sim
launch_simulation
source archer_rv321_single_cycle_tb.tcl
close_sim
launch_simulation
source archer_rv321_single_cycle_tb.tcl
close_sim
launch_simulation
source archer_rv321_single_cycle_tb.tcl
close_sim
launch_simulation
source archer_rv321_single_cycle_tb.tcl
close_sim
launch_simulation
source archer_rv321_single_cycle_tb.tcl
close_sim
launch_simulation
source archer_rv321_single_cycle_tb.tcl
close_sim
